// Jest Snapshot v1, https://goo.gl/fbAQLP

exports[`<Main /> should render the heading 1`] = `
.c0 {
  color: white;
}

<main
  class="c0"
>
  <h1
    aria-label="Titulo"
  >
    Main
  </h1>
</main>
`
